// Jest Snapshot v1, https://goo.gl/fbAQLP

exports[`renders sign up correctly 1`] = `
<View
  style={
    Object {
      "alignItems": "center",
      "flex": 1,
      "justifyContent": "center",
      "marginTop": -10,
    }
  }
>
  <View
    style={
      Object {
        "marginBottom": 30,
      }
    }
  >
    <Text
      style={
        Object {
          "fontSize": 30,
          "fontWeight": "bold",
          "letterSpacing": 2,
        }
      }
    >
      注册
    </Text>
  </View>
  <View
    style={
      Object {
        "width": "88%",
      }
    }
  >
    <View
      style={
        Object {
          "paddingHorizontal": 10,
          "width": "100%",
        }
      }
    >
      <View
        style={
          Object {
            "alignItems": "center",
            "borderBottomWidth": 2,
            "borderColor": "#86939e",
            "borderRadius": 50,
            "borderWidth": 2,
            "flexDirection": "row",
            "margin": 12,
            "transform": Array [
              Object {
                "translateX": 0,
              },
            ],
          }
        }
      >
        <View
          style={
            Object {
              "alignItems": "center",
              "height": 40,
              "justifyContent": "center",
              "marginLeft": 15,
            }
          }
        >
          <Text
            allowFontScaling={false}
            style={
              Array [
                Object {
                  "color": undefined,
                  "fontSize": 18,
                },
                Object {
                  "marginLeft": 6,
                  "marginRight": 8,
                },
                Object {
                  "fontFamily": "FontAwesome",
                  "fontStyle": "normal",
                  "fontWeight": "normal",
                },
                Object {},
              ]
            }
          >
            
          </Text>
        </View>
        <TextInput
          allowFontScaling={true}
          onChangeText={[Function]}
          placeholder="手机号"
          rejectResponderTermination={true}
          style={
            Object {
              "alignSelf": "center",
              "color": "black",
              "flex": 1,
              "fontSize": 18,
              "minHeight": 40,
            }
          }
          testID="RNE__Input__text-input"
          underlineColorAndroid="transparent"
        />
      </View>
    </View>
  </View>
  <View
    style={
      Array [
        Object {
          "width": "88%",
        },
        Object {
          "flexDirection": "row",
        },
      ]
    }
  >
    <View
      style={
        Object {
          "width": "65%",
        }
      }
    >
      <View
        style={
          Object {
            "paddingHorizontal": 10,
            "width": "100%",
          }
        }
      >
        <View
          style={
            Object {
              "alignItems": "center",
              "borderBottomWidth": 2,
              "borderColor": "#86939e",
              "borderRadius": 50,
              "borderWidth": 2,
              "flexDirection": "row",
              "margin": 12,
              "marginRight": 8,
              "transform": Array [
                Object {
                  "translateX": 0,
                },
              ],
            }
          }
        >
          <View
            style={
              Object {
                "alignItems": "center",
                "height": 40,
                "justifyContent": "center",
                "marginLeft": 15,
              }
            }
          >
            <Text
              allowFontScaling={false}
              style={
                Array [
                  Object {
                    "color": undefined,
                    "fontSize": 18,
                  },
                  Object {
                    "marginLeft": 6,
                    "marginRight": 8,
                  },
                  Object {
                    "fontFamily": "FontAwesome",
                    "fontStyle": "normal",
                    "fontWeight": "normal",
                  },
                  Object {},
                ]
              }
            >
              
            </Text>
          </View>
          <TextInput
            allowFontScaling={true}
            onChangeText={[Function]}
            placeholder="验证码"
            rejectResponderTermination={true}
            style={
              Object {
                "alignSelf": "center",
                "color": "black",
                "flex": 1,
                "fontSize": 18,
                "minHeight": 40,
              }
            }
            testID="RNE__Input__text-input"
            underlineColorAndroid="transparent"
          />
        </View>
      </View>
    </View>
    <View
      style={
        Object {
          "justifyContent": "center",
          "width": "35%",
        }
      }
    >
      <View
        style={
          Object {
            "borderRadius": 50,
          }
        }
      >
        <View
          accessible={true}
          isTVSelectable={true}
          onResponderGrant={[Function]}
          onResponderMove={[Function]}
          onResponderRelease={[Function]}
          onResponderTerminate={[Function]}
          onResponderTerminationRequest={[Function]}
          onStartShouldSetResponder={[Function]}
          style={
            Object {
              "opacity": 1,
            }
          }
        >
          <View
            style={
              Object {
                "alignItems": "center",
                "backgroundColor": "#2089dc",
                "borderColor": "#2089dc",
                "borderRadius": 50,
                "borderWidth": 0,
                "flexDirection": "row",
                "height": 54,
                "justifyContent": "center",
                "marginRight": 12,
                "padding": 8,
                "width": 120,
              }
            }
          >
            <Text
              style={
                Object {
                  "color": "white",
                  "fontSize": 18,
                  "paddingBottom": 1,
                  "paddingTop": 2,
                  "textAlign": "center",
                }
              }
            >
              获取验证码
            </Text>
          </View>
        </View>
      </View>
    </View>
  </View>
  <View
    style={
      Object {
        "width": "88%",
      }
    }
  >
    <View
      style={
        Object {
          "paddingHorizontal": 10,
          "width": "100%",
        }
      }
    >
      <View
        style={
          Object {
            "alignItems": "center",
            "borderBottomWidth": 2,
            "borderColor": "#86939e",
            "borderRadius": 50,
            "borderWidth": 2,
            "flexDirection": "row",
            "margin": 12,
            "transform": Array [
              Object {
                "translateX": 0,
              },
            ],
          }
        }
      >
        <View
          style={
            Object {
              "alignItems": "center",
              "height": 40,
              "justifyContent": "center",
              "marginLeft": 15,
            }
          }
        >
          <Text
            allowFontScaling={false}
            style={
              Array [
                Object {
                  "color": undefined,
                  "fontSize": 18,
                },
                Object {
                  "marginLeft": 6,
                  "marginRight": 8,
                },
                Object {
                  "fontFamily": "FontAwesome",
                  "fontStyle": "normal",
                  "fontWeight": "normal",
                },
                Object {},
              ]
            }
          >
            
          </Text>
        </View>
        <TextInput
          allowFontScaling={true}
          onChangeText={[Function]}
          placeholder="用户名"
          rejectResponderTermination={true}
          style={
            Object {
              "alignSelf": "center",
              "color": "black",
              "flex": 1,
              "fontSize": 18,
              "minHeight": 40,
            }
          }
          testID="RNE__Input__text-input"
          underlineColorAndroid="transparent"
        />
      </View>
    </View>
  </View>
  <View
    style={
      Object {
        "width": "88%",
      }
    }
  >
    <View
      style={
        Object {
          "paddingHorizontal": 10,
          "width": "100%",
        }
      }
    >
      <View
        style={
          Object {
            "alignItems": "center",
            "borderBottomWidth": 2,
            "borderColor": "#86939e",
            "borderRadius": 50,
            "borderWidth": 2,
            "flexDirection": "row",
            "margin": 12,
            "transform": Array [
              Object {
                "translateX": 0,
              },
            ],
          }
        }
      >
        <View
          style={
            Object {
              "alignItems": "center",
              "height": 40,
              "justifyContent": "center",
              "marginLeft": 15,
            }
          }
        >
          <Text
            allowFontScaling={false}
            style={
              Array [
                Object {
                  "color": undefined,
                  "fontSize": 18,
                },
                Object {
                  "marginLeft": 6,
                  "marginRight": 8,
                },
                Object {
                  "fontFamily": "FontAwesome",
                  "fontStyle": "normal",
                  "fontWeight": "normal",
                },
                Object {},
              ]
            }
          >
            
          </Text>
        </View>
        <TextInput
          allowFontScaling={true}
          onChangeText={[Function]}
          placeholder="密码"
          rejectResponderTermination={true}
          style={
            Object {
              "alignSelf": "center",
              "color": "black",
              "flex": 1,
              "fontSize": 18,
              "minHeight": 40,
            }
          }
          testID="RNE__Input__text-input"
          underlineColorAndroid="transparent"
        />
      </View>
    </View>
  </View>
  <View
    style={
      Object {
        "alignItems": "center",
        "width": "100%",
      }
    }
  >
    <View
      style={
        Object {
          "borderRadius": 50,
        }
      }
    >
      <View
        accessible={true}
        isTVSelectable={true}
        onResponderGrant={[Function]}
        onResponderMove={[Function]}
        onResponderRelease={[Function]}
        onResponderTerminate={[Function]}
        onResponderTerminationRequest={[Function]}
        onStartShouldSetResponder={[Function]}
        style={
          Object {
            "opacity": 1,
          }
        }
      >
        <View
          style={
            Object {
              "alignItems": "center",
              "backgroundColor": "#2089dc",
              "borderColor": "#2089dc",
              "borderRadius": 50,
              "borderWidth": 0,
              "flexDirection": "row",
              "height": 50,
              "justifyContent": "center",
              "marginTop": 20,
              "padding": 8,
              "width": 90,
            }
          }
        >
          <Text
            style={
              Object {
                "color": "white",
                "fontSize": 20,
                "paddingBottom": 1,
                "paddingTop": 2,
                "textAlign": "center",
              }
            }
          >
            注册
          </Text>
        </View>
      </View>
    </View>
  </View>
</View>
`;
